// Jest Snapshot v1, https://goo.gl/fbAQLP

exports[`镜像测试 1`] = `
.c0 {
  box-sizing: border-box;
  border-radius: 4px;
  background-color: #fff;
  box-shadow: 0px 2px 1px -1px rgba(0,0,0,0.2),0px 1px 1px 0px rgba(0,0,0,0.14),0px 1px 3px 0px rgba(0,0,0,0.12);
  -webkit-transition: box-shadow 200ms cubic-bezier(0.4,0.0,0.2,1) 0ms;
  transition: box-shadow 200ms cubic-bezier(0.4,0.0,0.2,1) 0ms;
}

.c1 {
  width: 328px;
}

.c1 .sinoui-week-title-bar {
  padding: 0 12px;
}

.c1 .sinoui-date-time-mobile-view__datesview {
  padding: 0 12px;
  height: 240px;
}

<div
  className="c0 c1 sinoui-paper"
  data-testid="wrapper"
/>
`;
