// Jest Snapshot v1, https://goo.gl/fbAQLP

exports[`ToolTipContent 1`] = `[Function]`;
