// Jest Snapshot v1, https://goo.gl/fbAQLP

exports[`快照测试 CardContent 1`] = `
<div
  className="sc-bdvvtL kGnISe"
/>
`;
