// Jest Snapshot v1, https://goo.gl/fbAQLP

exports[`快照测试 1`] = `
<div
  className="sc-bdnylx kLmPJw sinoui-date-range-picker__hover-outline"
  data-hover-date="2020-07-08"
  data-testid="hover-outline"
  style={
    Object {
      "transform": "translate(82px, 34px)",
    }
  }
/>
`;
