// Jest Snapshot v1, https://goo.gl/fbAQLP

exports[`快照测试 展现 1`] = `
.c0 {
  height: 0px;
  overflow: hidden;
  -webkit-transition: height 300ms cubic-bezier(0.4,0.0,0.2,1) 0ms;
  transition: height 300ms cubic-bezier(0.4,0.0,0.2,1) 0ms;
  min-height: 0px;
}

.c0 > div {
  display: -webkit-box;
  display: -webkit-flex;
  display: -ms-flexbox;
  display: flex;
}

.c0 > div > div {
  width: 100%;
}

<div
  className="c0"
>
  <div>
    <div>
      <div>
        测试
      </div>
    </div>
  </div>
</div>
`;
