// Jest Snapshot v1, https://goo.gl/fbAQLP

exports[`AppBarActions 1`] = `
<div
  className="AppBarActions-sl4kx3-0 iaQAlT"
>
  icons
</div>
`;
