// Jest Snapshot v1, https://goo.gl/fbAQLP

exports[`AppBarTitle 1`] = `
<h1
  className="AppBarTitle-sc-1lmkalg-0 hVbawm"
>
  标题
</h1>
`;
