// Jest Snapshot v1, https://goo.gl/fbAQLP

exports[`文字排版 快照测试 基本文字排版 1`] = `
Array [
  <h1
    className="typographyObj__Text-sc-1f9on5o-0 hdagpW sinoui-typography-h1"
    color="textPrimary"
  >
    H1
  </h1>,
  <h2
    className="typographyObj__Text-sc-1f9on5o-0 hdagpW sinoui-typography-h2"
    color="textPrimary"
  >
    H1
  </h2>,
  <h3
    className="typographyObj__Text-sc-1f9on5o-0 hdagpW sinoui-typography-h3"
    color="textPrimary"
  >
    H1
  </h3>,
  <h4
    className="typographyObj__Text-sc-1f9on5o-0 hdagpW sinoui-typography-h4"
    color="textPrimary"
  >
    H1
  </h4>,
  <h5
    className="typographyObj__Text-sc-1f9on5o-0 hdagpW sinoui-typography-h5"
    color="textPrimary"
  >
    H1
  </h5>,
  <h6
    className="typographyObj__Text-sc-1f9on5o-0 hdagpW sinoui-typography-h6"
    color="textPrimary"
  >
    H1
  </h6>,
  <h6
    className="typographyObj__Text-sc-1f9on5o-0 hdagpW sinoui-typography-subtitle1"
    color="textPrimary"
  >
    H1
  </h6>,
  <h6
    className="typographyObj__Text-sc-1f9on5o-0 hdagpW sinoui-typography-subtitle2"
    color="textPrimary"
  >
    H1
  </h6>,
  <p
    className="typographyObj__Text-sc-1f9on5o-0 hdagpW sinoui-typography-body1"
    color="textPrimary"
  >
    H1
  </p>,
  <p
    className="typographyObj__Text-sc-1f9on5o-0 hdagpW sinoui-typography-body2"
    color="textPrimary"
  >
    H1
  </p>,
  <p
    className="typographyObj__Text-sc-1f9on5o-0 hdagpW sinoui-typography-caption"
    color="textPrimary"
  >
    H1
  </p>,
  <p
    className="typographyObj__Text-sc-1f9on5o-0 hdagpW sinoui-typography-overline"
    color="textPrimary"
  >
    H1
  </p>,
  <div
    className="typographyObj__Text-sc-1f9on5o-0 Typography__TextWrapper-sc-12agh80-0 eOqWRf sinoui-typography"
    color="textPrimary"
    data-testid="typography"
    type="body2"
  >
    H1
  </div>,
]
`;

exports[`文字排版 快照测试 设置属性 1`] = `
Array [
  <h2
    className="typographyObj__Text-sc-1f9on5o-0 hdagpW sinoui-typography-h1"
    color="textPrimary"
  >
    H1
  </h2>,
  <h1
    className="typographyObj__Text-sc-1f9on5o-0 kpkbsC sinoui-typography-h1"
    color="textPrimary"
  >
    H1
  </h1>,
  <h1
    className="typographyObj__Text-sc-1f9on5o-0 ioNPnn sinoui-typography-h1"
    color="textPrimary"
  >
    H1
  </h1>,
  <h1
    className="typographyObj__Text-sc-1f9on5o-0 eUjDii sinoui-typography-h1"
    color="success"
  >
    H1
  </h1>,
  <h1
    className="typographyObj__Text-sc-1f9on5o-0 dTjhLA sinoui-typography-h1 sinoui-typography--gutterBottom"
    color="textPrimary"
  >
    H1
  </h1>,
  <p
    className="typographyObj__Text-sc-1f9on5o-0 foFpwc sinoui-typography-body2 sinoui-typography--paragraph"
    color="textPrimary"
  >
    Body2
  </p>,
  <div
    className="typographyObj__Text-sc-1f9on5o-0 Typography__TextWrapper-sc-12agh80-0 eOqWRf sinoui-typography"
    color="textPrimary"
    data-testid="typography"
    type="body1"
  >
    Typography
  </div>,
  <p
    className="typographyObj__Text-sc-1f9on5o-0 Typography__TextWrapper-sc-12agh80-0 eOqWRf sinoui-typography"
    color="textPrimary"
    data-testid="typography"
    type="body1"
  >
    Typography
  </p>,
]
`;
