// Jest Snapshot v1, https://goo.gl/fbAQLP

exports[`快照测试 展现 1`] = `
<div
  style={
    Object {
      "visibility": undefined,
    }
  }
>
  测试
</div>
`;
