// Jest Snapshot v1, https://goo.gl/fbAQLP

exports[`快照测试 ClockPin 1`] = `
<div
  className="sc-AxjAm jxcElh"
/>
`;
