// Jest Snapshot v1, https://goo.gl/fbAQLP

exports[`快照测试--> 渲染 1`] = `
<div
  className="sc-AxjAm sc-AxirZ esVjVJ sinoui-paper"
>
  123
</div>
`;
